// Jest Snapshot v1, https://goo.gl/fbAQLP

exports[`Navbar snapshot test 1`] = `
<div>
  <nav
    class="navbar flex justify-center items-center"
  >
    <ul
      class="space-x-32"
    >
      <a
        href="/"
      >
        Home
      </a>
      <a
        href="/goals"
      >
        Goals
      </a>
    </ul>
  </nav>
</div>
`;
