// Jest Snapshot v1, https://goo.gl/fbAQLP

exports[`Navbar snapshot test 1`] = `
<div>
  <nav
    class="navbar max-w-764 flex justify-center items-center w-full py-32 px-24 mx-auto"
  >
    <ul
      class="flex w-full space-x-32"
    >
      <li>
        <a
          class="inline-block p-12"
          href="/"
        >
          Home
        </a>
      </li>
      <li>
        <a
          class="inline-block p-12"
          href="/goals"
        >
          Goals
        </a>
      </li>
    </ul>
  </nav>
</div>
`;
