// Jest Snapshot v1, https://goo.gl/fbAQLP

exports[`Navbar snapshot test 1`] = `
<div>
  <nav
    class="navbar flex justify-center items-center w-full"
  >
    <ul
      class="flex space-x-32"
    >
      <li>
        <a
          href="/"
        >
          Home
        </a>
      </li>
      <li>
        <a
          href="/goals"
        >
          Goals
        </a>
      </li>
    </ul>
  </nav>
</div>
`;
